// Jest Snapshot v1, https://goo.gl/fbAQLP

exports[`Probando <GifItem/> debe hacer match con el snapshot 1`] = `
<div>
  <div
    class="card"
  >
    <img
      alt="dragon"
      src="https://uone-punch.com/"
    />
    <p>
      dragon
    </p>
  </div>
</div>
`;

exports[`Probando GifItem debe hacer match con el snapshot 1`] = `
<div>
  <div
    class="card"
  >
    <img
      alt="dragon"
      src="https://uone-punch.com/"
    />
    <p>
      dragon
    </p>
  </div>
</div>
`;
